// Jest Snapshot v1, https://goo.gl/fbAQLP

exports[`MakerOrderManager gas cost 1`] = `227873`;

exports[`MakerOrderManager gas cost 2`] = `131408`;

exports[`MakerOrderManager gas cost 3`] = `68583`;
